<?xml version="1.0" encoding="utf-8"?><testsuites name="pytest tests"><testsuite name="pytest" errors="0" failures="0" skipped="0" tests="20" time="11.190" timestamp="2026-04-04T15:38:15.604590-03:00" hostname="ddcx"><testcase classname="tests.integration.test_api_auth.TestLogin" name="test_login_success" file="tests/integration/test_api_auth.py" line="9" time="8.404" /><testcase classname="tests.integration.test_api_auth.TestLogin" name="test_login_invalid_credentials" file="tests/integration/test_api_auth.py" line="18" time="0.113" /><testcase classname="tests.integration.test_api_auth.TestLogin" name="test_me" file="tests/integration/test_api_auth.py" line="25" time="0.114" /><testcase classname="tests.integration.test_api_auth.TestLogin" name="test_logout" file="tests/integration/test_api_auth.py" line="30" time="0.114" /><testcase classname="tests.integration.test_api_dashboard.TestDashboard" name="test_dashboard_empty" file="tests/integration/test_api_dashboard.py" line="7" time="0.117" /><testcase classname="tests.integration.test_api_dashboard.TestDashboard" name="test_dashboard_with_ptax" file="tests/integration/test_api_dashboard.py" line="18" time="0.120" /><testcase classname="tests.integration.test_api_dashboard.TestDashboard" name="test_dashboard_with_data" file="tests/integration/test_api_dashboard.py" line="25" time="0.120" /><testcase classname="tests.integration.test_api_deposits.TestDepositCRUD" name="test_create_deposit_as_admin" file="tests/integration/test_api_deposits.py" line="22" time="0.115" /><testcase classname="tests.integration.test_api_deposits.TestDepositCRUD" name="test_create_deposit_as_viewer_denied" file="tests/integration/test_api_deposits.py" line="26" time="0.114" /><testcase classname="tests.integration.test_api_deposits.TestDepositCRUD" name="test_list_deposits" file="tests/integration/test_api_deposits.py" line="30" time="0.116" /><testcase classname="tests.integration.test_api_deposits.TestDepositCRUD" name="test_delete_deposit" file="tests/integration/test_api_deposits.py" line="36" time="0.119" /><testcase classname="tests.integration.test_api_expenses.TestExpenseCRUD" name="test_create_expense_as_admin" file="tests/integration/test_api_expenses.py" line="9" time="0.114" /><testcase classname="tests.integration.test_api_expenses.TestExpenseCRUD" name="test_create_expense_as_viewer_denied" file="tests/integration/test_api_expenses.py" line="23" time="0.113" /><testcase classname="tests.integration.test_api_expenses.TestExpenseCRUD" name="test_list_expenses" file="tests/integration/test_api_expenses.py" line="30" time="0.115" /><testcase classname="tests.integration.test_api_expenses.TestExpenseCRUD" name="test_update_expense_as_admin" file="tests/integration/test_api_expenses.py" line="39" time="0.116" /><testcase classname="tests.integration.test_api_expenses.TestExpenseCRUD" name="test_delete_expense_as_admin" file="tests/integration/test_api_expenses.py" line="57" time="0.115" /><testcase classname="tests.integration.test_api_expenses.TestExpenseCRUD" name="test_viewer_can_list_expenses" file="tests/integration/test_api_expenses.py" line="66" time="0.231" /><testcase classname="tests.integration.test_api_transfers.TestTransferCRUD" name="test_create_transfer_as_admin" file="tests/integration/test_api_transfers.py" line="26" time="0.117" /><testcase classname="tests.integration.test_api_transfers.TestTransferCRUD" name="test_create_transfer_as_viewer_denied" file="tests/integration/test_api_transfers.py" line="39" time="0.226" /><testcase classname="tests.integration.test_api_transfers.TestTransferCRUD" name="test_list_transfers" file="tests/integration/test_api_transfers.py" line="52" time="0.461" /></testsuite></testsuites>